This file was created by an ARLI agent!